Traceback (most recent call last):
  File "C:\Users\AD\AppData\Local\Programs\Python\Python313\Lib\site-packages\jupyter_core\utils\__init__.py", line 154, in wrapped
    asyncio.get_running_loop()
    ~~~~~~~~~~~~~~~~~~~~~~~~^^
RuntimeError: no running event loop

During handling of the above exception, another exception occurred:

Traceback (most recent call last):
  File "C:\Users\AD\AppData\Local\Programs\Python\Python313\Lib\site-packages\jupyter_cache\executors\utils.py", line 58, in single_nb_execution
    executenb(
    ~~~~~~~~~^
        nb,
        ^^^
    ...<4 lines>...
        **kwargs,
        ^^^^^^^^^
    )
    ^
  File "C:\Users\AD\AppData\Local\Programs\Python\Python313\Lib\site-packages\nbclient\client.py", line 1319, in execute
    return NotebookClient(nb=nb, resources=resources, km=km, **kwargs).execute()
           ~~~~~~~~~~~~~~~~~~~~~~~~~~~~~~~~~~~~~~~~~~~~~~~~~~~~~~~~~~~~~~~~~~~^^
  File "C:\Users\AD\AppData\Local\Programs\Python\Python313\Lib\site-packages\jupyter_core\utils\__init__.py", line 158, in wrapped
    return loop.run_until_complete(inner)
           ~~~~~~~~~~~~~~~~~~~~~~~^^^^^^^
  File "C:\Users\AD\AppData\Local\Programs\Python\Python313\Lib\asyncio\base_events.py", line 725, in run_until_complete
    return future.result()
           ~~~~~~~~~~~~~^^
  File "C:\Users\AD\AppData\Local\Programs\Python\Python313\Lib\site-packages\nbclient\client.py", line 709, in async_execute
    await self.async_execute_cell(
        cell, index, execution_count=self.code_cells_executed + 1
    )
  File "C:\Users\AD\AppData\Local\Programs\Python\Python313\Lib\site-packages\nbclient\client.py", line 1062, in async_execute_cell
    await self._check_raise_for_error(cell, cell_index, exec_reply)
  File "C:\Users\AD\AppData\Local\Programs\Python\Python313\Lib\site-packages\nbclient\client.py", line 918, in _check_raise_for_error
    raise CellExecutionError.from_cell_and_msg(cell, exec_reply_content)
nbclient.exceptions.CellExecutionError: An error occurred while executing the following cell:
------------------
import pandas as pd
# 1. Tạo Series từ Dictionary
population_dict = {"Hanoi": 8.5, "HCMC": 9.3, "Danang": 1.2, "Haiphong": 2.1}

print("Dân số các thành phố (triệu người)")
print(city_pop)

# 2. Trích xuất dữ liệu

# 3. Thực hiện phép toán vector hóa
------------------

----- stdout -----
Dân số các thành phố (triệu người)
------------------

[31m---------------------------------------------------------------------------[39m
[31mNameError[39m                                 Traceback (most recent call last)
[36mCell[39m[36m [39m[32mIn[7][39m[32m, line 6[39m
[32m      3[39m population_dict = {[33m"[39m[33mHanoi[39m[33m"[39m: [32m8.5[39m, [33m"[39m[33mHCMC[39m[33m"[39m: [32m9.3[39m, [33m"[39m[33mDanang[39m[33m"[39m: [32m1.2[39m, [33m"[39m[33mHaiphong[39m[33m"[39m: [32m2.1[39m}
[32m      5[39m [38;5;28mprint[39m([33m"[39m[33mDân số các thành phố (triệu người)[39m[33m"[39m)
[32m----> [39m[32m6[39m [38;5;28mprint[39m([43mcity_pop[49m)
[32m      8[39m [38;5;66;03m# 2. Trích xuất dữ liệu[39;00m
[32m      9[39m 
[32m     10[39m [38;5;66;03m# 3. Thực hiện phép toán vector hóa[39;00m

[31mNameError[39m: name 'city_pop' is not defined

